

2026-09-16 13:42:35 PSI: 1124
2026-09-16 13:42:35 CO2: 2054
2026-09-16 13:42:35 O2: 23
2026-09-16 13:42:35 TEMP: -25.403133456652682
2026-09-16 13:42:40 O2: 22
2026-09-16 13:42:40 CO2: 1636
2026-09-16 13:42:40 TEMP: 21.054465204894424
2026-09-16 13:42:40 PSI: 713
2026-09-16 13:42:45 CO2: 1520
2026-09-16 13:42:45 PSI: 820
2026-09-16 13:42:45 TEMP: -35.73457611436675
2026-09-16 13:42:45 O2: 24
2026-09-16 13:42:50 PSI: 1174
2026-09-16 13:42:50 CO2: 1638
2026-09-16 13:42:50 O2: 18
2026-09-16 13:42:50 TEMP: 27.709559619841066
2026-09-16 13:42:55 CO2: 1674
2026-09-16 13:42:55 O2: 22
2026-09-16 13:42:55 PSI: 1152
2026-09-16 13:42:55 TEMP: 40.31686085419187
2026-09-16 13:43:00 O2: 22
2026-09-16 13:43:00 CO2: 1608
2026-09-16 13:43:00 PSI: 918
2026-09-16 13:43:00 TEMP: -4.950830315764014
2026-09-16 13:43:05 PSI: 808
2026-09-16 13:43:05 O2: 18
2026-09-16 13:43:05 CO2: 2072
2026-09-16 13:43:05 TEMP: 4.501776961474459
2026-09-16 13:43:10 O2: 23
2026-09-16 13:43:10 TEMP: -17.00679360041632
2026-09-16 13:43:10 PSI: 713
2026-09-16 13:43:10 CO2: 1798
2026-09-16 13:43:15 PSI: 1132
2026-09-16 13:43:15 CO2: 1562
2026-09-16 13:43:15 TEMP: 21.981361755969466
2026-09-16 13:43:15 O2: 18
2026-09-16 13:43:20 CO2: 1828
2026-09-16 13:43:20 O2: 23
2026-09-16 13:43:20 TEMP: -13.429119560288441
2026-09-16 13:43:20 PSI: 958
2026-09-16 13:43:25 PSI: 991
2026-09-16 13:43:25 O2: 20
2026-09-16 13:43:25 CO2: 1554
2026-09-16 13:43:25 TEMP: 19.611496104073023
2026-09-16 13:43:30 O2: 20
2026-09-16 13:43:30 TEMP: 8.069393117118274
2026-09-16 13:43:30
2026-09-16 13:46:05 O2: 25
2026-09-16 13:46:05 PSI: 764
2026-09-16 13:46:05 TEMP: -7.658434340645807
2026-09-16 13:46:05 CO2: 1696
2026-09-16 13:46:26 TEMP: -8.22121190475016
2026-09-16 13:46:26 PSI: 890
2026-09-16 13:46:26 O2: 18
2026-09-16 13:46:26 CO2: 2067
2026-09-16 13:46:31 O2: 25
2026-09-16 13:46:31 CO2: 1782
2026-09-16 13:46:31 TEMP: -0.36488494088145307
2026-09-16 13:46:31 PSI: 706
2026-09-16 13:46:36 CO2: 2016
2026-09-16 13:46:36 O2: 23
2026-09-16 13:46:36 PSI: 997
2026-09-16 13:46:36 TEMP: -6.80
2026-09-16 13:47:33 O2: 22
2026-09-16 13:47:33 PSI: 757
2026-09-16 13:47:33 CO2: 2019
2026-09-16 13:47:33 TEMP: 41.072202855988024
2026-09-16 13:47:38 TEMP: 21.858710424058007
2026-09-16 13:47:38 PSI: 760
2026-09-16 13:47:38 O2: 23
2026-09-16 13:47:38 CO2: 1627
2026-09-16 13:47:43 TEMP: 14.069938818693938
2026-09-16 13:47:43 O2: 21
2026-09-16 13:47:43 CO2: 1914
2026-09-16 13:47:43 PSI: 996
2026-09-16 13:47:48 CO2: 2072
2026-09-16 13:47:48 TEMP: -47.6515148843837
2026-09-16 13:47:48 O2: 18
2026-09-16 13:47:48 PSI: 1046
2026-09-16 13:47:53 PSI: 904
2026-09-16 13:47:53 TEMP: -10.131009380041995
2026-09-16 13:47:53 O2: 24
2026-09-16 13:47:53 CO2: 1510
2026-09-16 13:47:58 CO2: 2029
2026-09-16 13:47:58 PSI: 767
2026-09-16 13:47:58 O2: 24
2026-09-16 13:47:58 TEMP: -25.909759181950594
2026-09-16 13:48:03 PSI: 1032
2026-09-16 13:48:03 CO2: 1565
2026-09-16 13:48:03 O2: 24
2026-09-16 13:48:03 TEMP: 37.53403615613671
2026-09-16 13:48:08 CO2: 1622
2026-09-16 13:48:08 O2: 21
2026-09-16 13:48:08 TEMP: 20.94630313106116
2026-09-16 13:48:08 PSI: 841
2026-09-16 13:48:13 O2: 20
2026-09-16 13:48:13 CO2: 1804
2026-09-16 13:48:13 PSI: 799
2026-09-16 13:48:13 TEMP: 14.68167036191879
2026-09-16 13:48:18 TEMP: 9.096938338689647
2026-09-16 13:48:18 CO2: 1789
2026-09-16 13:48:18 PSI: 924
2026-09-16 13:48:18 O2: 25
2026-09-16 13:48:23 TEMP: -0.7757710777486622
2026-09-16 13:48:23 CO2: 1841
2026-09-16 13:48:23 PSI: 1093
2026-09-16 13:48:23 O2: 18
2026-09-16 13:48:28 PSI: 1189
2026-09-16 13:48:28 CO2: 1728
2026-09-16 13:48:28 TEMP: 39.1407